python : 2025-06-20 00:38:20,096 - simple_compiler - INFO - Starting compilation 
and execution
At line:1 char:1
+ python test_float.py > test_output.txt 2>&1
+ ~~~~~~~~~~~~~~~~~~~~~~~~~~~~~~~~~~~~~~~~~~~
    + CategoryInfo          : NotSpecified: (2025-06-20 00:3...n and execution:Str 
   ing) [], RemoteException
    + FullyQualifiedErrorId : NativeCommandError
 
2025-06-20 00:38:20,097 - simple_compiler - INFO - Processing source code through 
plugins
2025-06-20 00:38:20,097 - simple_compiler - INFO - Parsing source code into AST
line 1:0 token recognition error at: '#'
line 1:9 no viable alternative at input 'include<'
2025-06-20 00:38:20,166 - simple_compiler - INFO - Generating LLVM IR
2025-06-20 00:38:20,167 - simple_compiler - INFO - Executing compiled code
2025-06-20 00:38:21,835 - simple_compiler - INFO - Compilation and execution 
completed successfully
2025-06-20 00:38:21,847 - simple_compiler - INFO - Starting compilation and 
execution
2025-06-20 00:38:21,848 - simple_compiler - INFO - Processing source code through 
plugins
2025-06-20 00:38:21,848 - simple_compiler - INFO - Parsing source code into AST
line 1:0 token recognition error at: '#'
line 1:9 no viable alternative at input 'include<'
2025-06-20 00:38:21,867 - simple_compiler - INFO - Generating LLVM IR
2025-06-20 00:38:21,869 - simple_compiler - INFO - Executing compiled code
2025-06-20 00:38:23,405 - simple_compiler - INFO - Compilation and execution 
completed successfully
Testing AI Compiler Improvements
============================================================

Testing simple hello world...
Code to compile:
#include <stdio.h>

int main() {
    printf("Hello, World!\n");
    return 0;
}

==================================================
Entering expression: printf("Hello, World!\n")
Entering additive expression: printf("Hello, World!\n")
Entering primary expression: printf
Found identifier: printf
Added identifier to stack: Identifier(name='printf')
Current expression stack: [[], [], [], [], [Identifier(name='printf')]]
Exiting primary expression: printf
Current expression stack: [[], [], [], [], [Identifier(name='printf')]]
Entering additive expression: "Hello, World!\n"
Entering primary expression: "Hello, World!\n"
Found string literal: Hello, World!\n
Added string literal to stack: StringLiteral(value='Hello, World!\\n')
Current expression stack: [[], [], [], [Identifier(name='printf')], [], [StringLiteral(value='Hello, World!\\n')]]
Exiting primary expression: "Hello, World!\n"
Current expression stack: [[], [], [], [Identifier(name='printf')], [], [StringLiteral(value='Hello, World!\\n')]]
Created function call: FunctionCall(function=Identifier(name='printf'), arguments=[StringLiteral(value='Hello, World!\\n')])
Exiting expression: printf("Hello, World!\n")
Expression stack after exit: [[FunctionCall(function=Identifier(name='printf'), arguments=[StringLiteral(value='Hello, World!\\n')])]]
Entering jump statement: return0;
Entering expression: 0
Entering additive expression: 0
Entering primary expression: 0
Found constant: 0
Added literal to stack: IntegerLiteral(value=0)
Current expression stack: [[], [], [], [IntegerLiteral(value=0)]]
Exiting primary expression: 0
Current expression stack: [[], [], [], [IntegerLiteral(value=0)]]
Exiting expression: 0
Expression stack after exit: [[IntegerLiteral(value=0)]]
Exiting jump statement: return0;
Return expression: IntegerLiteral(value=0)
SUCCESS!
Result: {'success': True, 'output': 'Hello, World!\n', 'ir_code': '; ModuleID = "main"\ntarget triple = "x86_64-pc-windows-msvc"\ntarget datalayout = "e-m:w-p270:32:32-p271:32:32-p272:64:64-i64:64-f80:128-n8:16:32:64-S128"\n\ndeclare i32 @"printf"(i8* %".1", ...)\n\ndefine i32 @"main"() noinline\n{\nentry:\n  %".2" = call i32 (i8*, ...) @"printf"(i8* getelementptr ([17 x i8], [17 x i8]* @".str", i32 0, i32 0))\n  ret i32 0\n}\n\n@".str" = private constant [17 x i8] c"Hello, World!\\5c\\5cn\\00"', 'source_lines': 6, 'message': 'Program compiled and executed successfully'}
Testing floating-point support...
Code to compile:
#include <stdio.h>

int main() {
    double x = 3.14;
    printf("Value: %.2f\n", x);
    return 0;
}

==================================================
Entering additive expression: 3.14
Entering primary expression: 3.14
Found constant: 3.14
Creating DoubleLiteral for: 3.14
Added literal to stack: DoubleLiteral(value=3.14)
Current expression stack: [[], [], [DoubleLiteral(value=3.14)]]
Exiting primary expression: 3.14
Current expression stack: [[], [], [DoubleLiteral(value=3.14)]]
Entering expression: printf("Value: %.2f\n",x)
Entering additive expression: printf("Value: %.2f\n",x)
Entering primary expression: printf
Found identifier: printf
Added identifier to stack: Identifier(name='printf')
Current expression stack: [[], [], [], [], [Identifier(name='printf')]]
Exiting primary expression: printf
Current expression stack: [[], [], [], [], [Identifier(name='printf')]]
Entering additive expression: "Value: %.2f\n"
Entering primary expression: "Value: %.2f\n"
Found string literal: Value: %.2f\n
Added string literal to stack: StringLiteral(value='Value: %.2f\\n')
Current expression stack: [[], [], [], [Identifier(name='printf')], [], [StringLiteral(value='Value: %.2f\\n')]]
Exiting primary expression: "Value: %.2f\n"
Current expression stack: [[], [], [], [Identifier(name='printf')], [], [StringLiteral(value='Value: %.2f\\n')]]
Entering additive expression: x
Entering primary expression: x
Found identifier: x
Added identifier to stack: Identifier(name='x')
Current expression stack: [[], [], [], [Identifier(name='printf'), StringLiteral(value='Value: %.2f\\n')], [], [Identifier(name='x')]]
Exiting primary expression: x
Current expression stack: [[], [], [], [Identifier(name='printf'), StringLiteral(value='Value: %.2f\\n')], [], [Identifier(name='x')]]
Created function call: FunctionCall(function=Identifier(name='printf'), arguments=[StringLiteral(value='Value: %.2f\\n'), Identifier(name='x')])
Exiting expression: printf("Value: %.2f\n",x)
Expression stack after exit: [[FunctionCall(function=Identifier(name='printf'), arguments=[StringLiteral(value='Value: %.2f\\n'), Identifier(name='x')])]]
Entering jump statement: return0;
Entering expression: 0
Entering additive expression: 0
Entering primary expression: 0
Found constant: 0
Added literal to stack: IntegerLiteral(value=0)
Current expression stack: [[], [], [], [IntegerLiteral(value=0)]]
Exiting primary expression: 0
Current expression stack: [[], [], [], [IntegerLiteral(value=0)]]
Exiting expression: 0
Expression stack after exit: [[IntegerLiteral(value=0)]]
Exiting jump statement: return0;
Return expression: IntegerLiteral(value=0)
SUCCESS!
Result: {'success': True, 'output': 'Value: 3.14\n', 'ir_code': '; ModuleID = "main"\ntarget triple = "x86_64-pc-windows-msvc"\ntarget datalayout = "e-m:w-p270:32:32-p271:32:32-p272:64:64-i64:64-f80:128-n8:16:32:64-S128"\n\ndeclare i32 @"printf"(i8* %".1", ...)\n\ndefine i32 @"main"() noinline\n{\nentry:\n  %"x" = alloca double\n  store double 0x40091eb851eb851f, double* %"x"\n  %".3" = load double, double* %"x"\n  %".4" = call i32 (i8*, ...) @"printf"(i8* getelementptr ([15 x i8], [15 x i8]* @".str", i32 0, i32 0), double %".3")\n  ret i32 0\n}\n\n@".str" = private constant [15 x i8] c"Value: %.2f\\5c\\5cn\\00"', 'source_lines': 7, 'message': 'Program compiled and executed successfully'}

============================================================
Traceback (most recent call last):
  File "C:\ai_compiler\test_float.py", line 69, in <module>
    print(f"Results: Hello World: {'\u2713' if success1 else '\u2717'}, Float: 
{'\u2713' if success2 else '\u2717'}")
    ~~~~~^^^^^^^^^^^^^^^^^^^^^^^^^^^^^^^^^^^^^^^^^^^^^^^^^^^^^^^^^^^^^^^^^^^^^^^^^^
^^^^^^^^^^^^^^
  File "C:\Users\naresh 
suthar\AppData\Local\Programs\Python\Python313\Lib\encodings\cp1252.py", line 19, 
in encode
    return codecs.charmap_encode(input,self.errors,encoding_table)[0]
           ~~~~~~~~~~~~~~~~~~~~~^^^^^^^^^^^^^^^^^^^^^^^^^^^^^^^^^^
UnicodeEncodeError: 'charmap' codec can't encode character '\u2713' in position 
22: character maps to <undefined>
